?   	github.com/thecodedproject/resourcegen/example_with_resources	[no test files]
