?   	github.com/thecodedproject/resourcegen/example_no_resources	[no test files]
