package example_no_resources

type Resources interface{}

